<html>
<body>
<pre>
<h1>礦ision Build Log</h1>
<h2>Tool Versions:</h2>
IDE-Version: μVision V5.24.2.0
Copyright (C) 2017 ARM Ltd and ARM Germany GmbH. All rights reserved.
License Information: 1272932814 Microsoft, Microsoft, LIC=JL263-AFGFT-DXEU3-ACFIE-5CIL7-TJJR3
 
Tool Versions:
Toolchain:       MDK-ARM Plus  Version: 5.24.1
Toolchain Path:  d:\Keil_v5\ARM\ARMCC\Bin
C Compiler:      Armcc.exe V5.06 update 5 (build 528)
Assembler:       Armasm.exe V5.06 update 5 (build 528)
Linker/Locator:  ArmLink.exe V5.06 update 5 (build 528)
Library Manager: ArmAr.exe V5.06 update 5 (build 528)
Hex Converter:   FromElf.exe V5.06 update 5 (build 528)
CPU DLL:         SARMCM3.DLL V5.24.1
Dialog DLL:      DARMSTM.DLL V1.68.0.0
Target DLL:      STLink\ST-LINKIII-KEIL_SWO.dll V3.0.1.0
Dialog DLL:      TARMSTM.DLL V1.66.0.0
 
<h2>Project:</h2>
Z:\001 产品资料\001 产品用户资料\006 六路舵机控制板程序\32多功能资料\32源码文件\Project\32ctl.uvproj
Project File Date:  07/31/2017

<h2>Output:</h2>
*** Using Compiler 'V5.06 update 5 (build 528)', folder: 'd:\Keil_v5\ARM\ARMCC\Bin'
Build target 'Target 1'
compiling core_cm3.c...
compiling stm32f10x_it.c...
compiling main.c...
compiling system_stm32f10x.c...
compiling stm32f10x_gpio.c...
compiling stm32f10x_rcc.c...
compiling misc.c...
compiling stm32f10x_usart.c...
compiling stm32f10x_i2c.c...
compiling stm32f10x_tim.c...
compiling stm32f10x_spi.c...
compiling stm32f10x_adc.c...
assembling startup_stm32f10x_hd.s...
compiling stm32f10x_dma.c...
compiling stm32f10x_flash.c...
compiling tb_gpio.c...
compiling tb_rcc.c...
compiling tb_global.c...
compiling tb_delay.c...
compiling tb_usart.c...
compiling tb_timer.c...
compiling PS2_SONY.c...
compiling ADC.c...
compiling w25q64.c...
linking...
Program Size: Code=23134 RO-data=1402 RW-data=264 ZI-data=7936  
FromELF: creating hex file...
"..\OUT\32_duoji.axf" - 0 Error(s), 0 Warning(s).
Build Time Elapsed:  00:00:11
</pre>
</body>
</html>
